// Jest Snapshot v1, https://goo.gl/fbAQLP

exports[`<Transactions /> Should match snapshot 1`] = `
.c0 {
  padding: 0 5rem;
}

.c1 {
  display: -webkit-box;
  display: -webkit-flex;
  display: -ms-flexbox;
  display: flex;
  -webkit-box-pack: justify;
  -webkit-justify-content: space-between;
  -ms-flex-pack: justify;
  justify-content: space-between;
  padding-top: 1.5rem;
  margin-bottom: 4rem;
}

.c2 {
  display: -webkit-box;
  display: -webkit-flex;
  display: -ms-flexbox;
  display: flex;
  -webkit-align-items: center;
  -webkit-box-align: center;
  -ms-flex-align: center;
  align-items: center;
  gap: 2rem;
}

.c5 {
  display: -webkit-box;
  display: -webkit-flex;
  display: -ms-flexbox;
  display: flex;
  -webkit-align-items: center;
  -webkit-box-align: center;
  -ms-flex-align: center;
  align-items: center;
  gap: 2rem;
}

.c7 {
  display: -webkit-box;
  display: -webkit-flex;
  display: -ms-flexbox;
  display: flex;
  -webkit-align-items: center;
  -webkit-box-align: center;
  -ms-flex-align: center;
  align-items: center;
  gap: 0.5rem;
}

.c8 {
  text-align: right;
}

.c8 p {
  font-weight: 600;
  font-size: 0.875rem;
  line-height: 12px;
}

.c8 small {
  font-size: 0.75rem;
}

.c9 {
  width: 48px;
  height: 48px;
  position: relative;
}

.c9,
.c9 img {
  border-radius: 0.625rem;
}

.c10 {
  width: 100%;
  height: 100%;
  border-radius: inherit;
  background: #CDDBC2;
  font-weight: bolder;
  font-size: 1.25rem;
  display: -webkit-box;
  display: -webkit-flex;
  display: -ms-flexbox;
  display: flex;
  -webkit-align-items: center;
  -webkit-box-align: center;
  -ms-flex-align: center;
  align-items: center;
  -webkit-box-pack: center;
  -webkit-justify-content: center;
  -ms-flex-pack: center;
  justify-content: center;
}

.c6 {
  height: 44px;
  width: 44px;
  background-color: #CDDBC2;
  color: #14404D;
  padding: 0.5rem;
  border-radius: 0.625rem;
  font-size: 1rem;
  font-weight: 600;
  -webkit-transition: all 0.25s ease;
  transition: all 0.25s ease;
  cursor: pointer;
}

.c6:focus {
  outline: 1px solid #14404D;
}

.c3 {
  display: -webkit-box;
  display: -webkit-flex;
  display: -ms-flexbox;
  display: flex;
  -webkit-align-items: center;
  -webkit-box-align: center;
  -ms-flex-align: center;
  align-items: center;
  gap: 0.5rem;
}

.c3 > h1 {
  font-size: 2rem;
}

.c4 {
  width: 24px;
  height: 24px;
}

<div>
  <div
    class="c0"
  >
    <header
      class="c1"
    >
      <div
        class="c2"
      >
        <div
          class="c3"
        >
          <div
            class="c4"
          />
          <h1>
            Test
          </h1>
        </div>
      </div>
      <div
        class="c5"
      >
        <button
          class="c6"
        >
          <svg
            aria-label="Notification"
            fill="none"
            height="22"
            role="img"
            viewBox="0 0 20 22"
            width="20"
            xmlns="http://www.w3.org/2000/svg"
          >
            <path
              d="M16 7A6 6 0 104 7c0 7-3 9-3 9h18s-3-2-3-9zM11.73 20a1.999 1.999 0 01-3.46 0"
              stroke="currentColor"
              stroke-linecap="round"
              stroke-linejoin="round"
              stroke-width="2"
            />
          </svg>
        </button>
        <div
          class="c7"
        >
          <div
            class="c8"
          >
            <p>
              User Test
            </p>
            <small />
          </div>
          <div
            class="c9"
          >
            <div
              class="c10"
            >
              UT
            </div>
          </div>
        </div>
      </div>
    </header>
    <main
      class=""
    />
  </div>
</div>
`
