// Jest Snapshot v1, https://goo.gl/fbAQLP

exports[`<Spinner /> Should match snapshot 1`] = `
.c0 {
  border-radius: 50%;
  width: 10em;
  height: 10em;
  font-size: 2px;
  position: relative;
  text-indent: -9999em;
  border: 1em solid rgba(0,0,0,0.2);
  border-left: 1em solid rgba(0,0,0,0.7);
  -webkit-transform: translateZ(0);
  -ms-transform: translateZ(0);
  transform: translateZ(0);
  -webkit-animation: load 0.8s infinite linear;
  animation: load 0.8s infinite linear;
}

<div>
  <div
    class="c0"
  />
</div>
`
